
Gaming@DESKTOP-AUEDLHD MINGW64 ~/Documents/git folder
$ git config --global user.name vikas123456778009

Gaming@DESKTOP-AUEDLHD MINGW64 ~/Documents/git folder
$ git config --global user.email vikasdewangan218@gmail.com

Gaming@DESKTOP-AUEDLHD MINGW64 ~/Documents/git folder
$ git clone https://github.com/vikas123456778009/Practice1.git
Cloning into 'Practice1'...
remote: Enumerating objects: 9, done.
remote: Counting objects: 100% (9/9), done.
remote: Compressing objects: 100% (5/5), done.
remote: Total 9 (delta 0), reused 0 (delta 0), pack-reused 0
Receiving objects: 100% (9/9), done.

Gaming@DESKTOP-AUEDLHD MINGW64 ~/Documents/git folder
$ cd Practice1/

Gaming@DESKTOP-AUEDLHD MINGW64 ~/Documents/git folder/Practice1 (main)
$ git config --global user.name vikas123456778009

Gaming@DESKTOP-AUEDLHD MINGW64 ~/Documents/git folder/Practice1 (main)
$ git config --global user.email vikasdewangan218@gmail.com

Gaming@DESKTOP-AUEDLHD MINGW64 ~/Documents/git folder/Practice1 (main)
$ git config --global user.name "vikas123456778009"

Gaming@DESKTOP-AUEDLHD MINGW64 ~/Documents/git folder/Practice1 (main)
$ git config --global user.email "vikasdewangan218@gmail.com"

Gaming@DESKTOP-AUEDLHD MINGW64 ~/Documents/git folder/Practice1 (main)
$ git remote -v
origin  https://github.com/vikas123456778009/Practice1.git (fetch)
origin  https://github.com/vikas123456778009/Practice1.git (push)

Gaming@DESKTOP-AUEDLHD MINGW64 ~/Documents/git folder/Practice1 (main)
$ git push origin main ty.txt
error: src refspec ty.txt does not match any
error: failed to push some refs to 'https://github.com/vikas123456778009/Practice1.git'

Gaming@DESKTOP-AUEDLHD MINGW64 ~/Documents/git folder/Practice1 (main)
$ git push origin main
info: please complete authentication in your browser...
Everything up-to-date

Gaming@DESKTOP-AUEDLHD MINGW64 ~/Documents/git folder/Practice1 (main)
$ git push origin main
Everything up-to-date

Gaming@DESKTOP-AUEDLHD MINGW64 ~/Documents/git folder/Practice1 (main)
$ git status
On branch main
Your branch is up to date with 'origin/main'.

Untracked files:
  (use "git add <file>..." to include in what will be committed)
        ty.txt

nothing added to commit but untracked files present (use "git add" to track)

Gaming@DESKTOP-AUEDLHD MINGW64 ~/Documents/git folder/Practice1 (main)
$ git add ty.txt

Gaming@DESKTOP-AUEDLHD MINGW64 ~/Documents/git folder/Practice1 (main)
$ git status
On branch main
Your branch is up to date with 'origin/main'.

Changes to be committed:
  (use "git restore --staged <file>..." to unstage)
        new file:   ty.txt


Gaming@DESKTOP-AUEDLHD MINGW64 ~/Documents/git folder/Practice1 (main)
$ git add test.txt

Gaming@DESKTOP-AUEDLHD MINGW64 ~/Documents/git folder/Practice1 (main)
$ git status
On branch main
Your branch is up to date with 'origin/main'.

Changes to be committed:
  (use "git restore --staged <file>..." to unstage)
        new file:   test.txt
        new file:   ty.txt


Gaming@DESKTOP-AUEDLHD MINGW64 ~/Documents/git folder/Practice1 (main)
$ git commit -m "created file"
[main c22cf28] created file
 2 files changed, 61 insertions(+)
 create mode 100644 test.txt
 create mode 100644 ty.txt

Gaming@DESKTOP-AUEDLHD MINGW64 ~/Documents/git folder/Practice1 (main)
$ git pull origin main
remote: Enumerating objects: 4, done.
remote: Counting objects: 100% (4/4), done.
remote: Compressing objects: 100% (2/2), done.
remote: Total 3 (delta 0), reused 0 (delta 0), pack-reused 0
Unpacking objects: 100% (3/3), 969 bytes | 80.00 KiB/s, done.
From https://github.com/vikas123456778009/Practice1
 * branch            main       -> FETCH_HEAD
   04fa300..5f986da  main       -> origin/main
hint: Waiting for your editor to close the file... Vim: Error reading input, exiting...
Vim: Finished.

error: There was a problem with the editor 'vi'.
Not committing merge; use 'git commit' to complete the merge.

Gaming@DESKTOP-AUEDLHD MINGW64 ~/Documents/git folder/Practice1 (main|MERGING)
$ git status
On branch main
Your branch and 'origin/main' have diverged,
and have 1 and 1 different commits each, respectively.
  (use "git pull" if you want to integrate the remote branch with yours)

All conflicts fixed but you are still merging.
  (use "git commit" to conclude merge)

Changes to be committed:
        new file:   d.txt


Gaming@DESKTOP-AUEDLHD MINGW64 ~/Documents/git folder/Practice1 (main|MERGING)
$ git pull origin main
error: You have not concluded your merge (MERGE_HEAD exists).
hint: Please, commit your changes before merging.
fatal: Exiting because of unfinished merge.

Gaming@DESKTOP-AUEDLHD MINGW64 ~/Documents/git folder/Practice1 (main|MERGING)
$ git push origin main
To https://github.com/vikas123456778009/Practice1.git
 ! [rejected]        main -> main (non-fast-forward)
error: failed to push some refs to 'https://github.com/vikas123456778009/Practice1.git'
hint: Updates were rejected because the tip of your current branch is behind
hint: its remote counterpart. If you want to integrate the remote changes,
hint: use 'git pull' before pushing again.
hint: See the 'Note about fast-forwards' in 'git push --help' for details.

Gaming@DESKTOP-AUEDLHD MINGW64 ~/Documents/git folder/Practice1 (main|MERGING)
$ git add new.txt

Gaming@DESKTOP-AUEDLHD MINGW64 ~/Documents/git folder/Practice1 (main|MERGING)
$ git status
On branch main
Your branch and 'origin/main' have diverged,
and have 1 and 1 different commits each, respectively.
  (use "git pull" if you want to integrate the remote branch with yours)

All conflicts fixed but you are still merging.
  (use "git commit" to conclude merge)

Changes to be committed:
        new file:   d.txt
        new file:   new.txt


Gaming@DESKTOP-AUEDLHD MINGW64 ~/Documents/git folder/Practice1 (main|MERGING)
$ git commit -m "new"
[main 84cfbaa] new

Gaming@DESKTOP-AUEDLHD MINGW64 ~/Documents/git folder/Practice1 (main)
$ git push origin main
Enumerating objects: 9, done.
Counting objects: 100% (9/9), done.
Delta compression using up to 6 threads
Compressing objects: 100% (5/5), done.
Writing objects: 100% (7/7), 1.20 KiB | 1.20 MiB/s, done.
Total 7 (delta 1), reused 0 (delta 0), pack-reused 0 (from 0)
remote: Resolving deltas: 100% (1/1), done.
To https://github.com/vikas123456778009/Practice1.git
   5f986da..84cfbaa  main -> main

Gaming@DESKTOP-AUEDLHD MINGW64 ~/Documents/git folder/Practice1 (main)
$ git remote -v
origin  https://github.com/vikas123456778009/Practice1.git (fetch)
origin  https://github.com/vikas123456778009/Practice1.git (push)

Gaming@DESKTOP-AUEDLHD MINGW64 ~/Documents/git folder/Practice1 (main)
$ git add .

Gaming@DESKTOP-AUEDLHD MINGW64 ~/Documents/git folder/Practice1 (main)
$ git status
On branch main
Your branch is up to date with 'origin/main'.

Changes to be committed:
  (use "git restore --staged <file>..." to unstage)
        deleted:    new.txt


Gaming@DESKTOP-AUEDLHD MINGW64 ~/Documents/git folder/Practice1 (main)
$ git commit -m "remove new"
[main 0383e43] remove new
 1 file changed, 1 deletion(-)
 delete mode 100644 new.txt

Gaming@DESKTOP-AUEDLHD MINGW64 ~/Documents/git folder/Practice1 (main)
$ git push origin main
Enumerating objects: 3, done.
Counting objects: 100% (3/3), done.
Delta compression using up to 6 threads
Compressing objects: 100% (2/2), done.
Writing objects: 100% (2/2), 229 bytes | 229.00 KiB/s, done.
Total 2 (delta 1), reused 0 (delta 0), pack-reused 0 (from 0)
remote: Resolving deltas: 100% (1/1), completed with 1 local object.
To https://github.com/vikas123456778009/Practice1.git
   84cfbaa..0383e43  main -> main

Gaming@DESKTOP-AUEDLHD MINGW64 ~/Documents/git folder/Practice1 (main)
$ git log
commit 0383e43b8d96e8da21f3e108762a609c99b22c30 (HEAD -> main, origin/main, origin/HEAD)
Author: vikas123456778009 <vikasdewangan218@gmail.com>
Date:   Tue Apr 9 16:03:55 2024 +0530

    remove new

commit 84cfbaa03070335b51ad94462ccf4eb546f66edf
Merge: c22cf28 5f986da
Author: vikas123456778009 <vikasdewangan218@gmail.com>
Date:   Tue Apr 9 16:01:25 2024 +0530

    new

commit 5f986da0dc8c2ba308d38a6bfabc8c9deced4f94
Author: vikas123456778009 <50516675+vikas123456778009@users.noreply.github.com>
Date:   Tue Apr 9 15:57:50 2024 +0530

    Create d.txt

commit c22cf282b4f9c50dc7d7cf447bf838a4074f70f0
Author: vikas123456778009 <vikasdewangan218@gmail.com>
Date:   Tue Apr 9 15:30:16 2024 +0530

    created file

commit 04fa300598f56e2777aecbbf6be1649691ed7877
Author: vikas123456778009 <50516675+vikas123456778009@users.noreply.github.com>
:
commit 0383e43b8d96e8da21f3e108762a609c99b22c30 (HEAD -> main, origin/main, origin/HEAD)
Author: vikas123456778009 <vikasdewangan218@gmail.com>
Date:   Tue Apr 9 16:03:55 2024 +0530

    remove new

commit 84cfbaa03070335b51ad94462ccf4eb546f66edf
Merge: c22cf28 5f986da
Author: vikas123456778009 <vikasdewangan218@gmail.com>
Date:   Tue Apr 9 16:01:25 2024 +0530

    new

commit 5f986da0dc8c2ba308d38a6bfabc8c9deced4f94
Author: vikas123456778009 <50516675+vikas123456778009@users.noreply.github.com>
Date:   Tue Apr 9 15:57:50 2024 +0530

    Create d.txt

commit c22cf282b4f9c50dc7d7cf447bf838a4074f70f0
Author: vikas123456778009 <vikasdewangan218@gmail.com>
Date:   Tue Apr 9 15:30:16 2024 +0530

    created file

commit 04fa300598f56e2777aecbbf6be1649691ed7877
Author: vikas123456778009 <50516675+vikas123456778009@users.noreply.github.com>
Date:   Tue Apr 9 12:27:12 2024 +0530

    Add files via upload

commit 662ef80a9f5926d3cb80e7cf68038483f9c3f666
Author: vikas123456778009 <50516675+vikas123456778009@users.noreply.github.com>
Date:   Tue Apr 9 12:11:51 2024 +0530

    Update README.md

    level one

commit c431dfdb09e586db8204260e8af713932f65da0e
Author: vikas123456778009 <50516675+vikas123456778009@users.noreply.github.com>
Date:   Tue Apr 9 11:54:39 2024 +0530

    Initial commit
(END)
Date:   Tue Apr 9 15:57:50 2024 +0530

commit 0383e43b8d96e8da21f3e108762a609c99b22c30 (HEAD -> main, origin/main, origin/HEAD)
Author: vikas123456778009 <vikasdewangan218@gmail.com>
Date:   Tue Apr 9 16:03:55 2024 +0530

    remove new

commit 84cfbaa03070335b51ad94462ccf4eb546f66edf
Merge: c22cf28 5f986da
Author: vikas123456778009 <vikasdewangan218@gmail.com>
Date:   Tue Apr 9 16:01:25 2024 +0530

    new

commit 5f986da0dc8c2ba308d38a6bfabc8c9deced4f94
Author: vikas123456778009 <50516675+vikas123456778009@users.noreply.github.com>
Date:   Tue Apr 9 15:57:50 2024 +0530

    Create d.txt

commit c22cf282b4f9c50dc7d7cf447bf838a4074f70f0
Author: vikas123456778009 <vikasdewangan218@gmail.com>
Date:   Tue Apr 9 15:30:16 2024 +0530

    created file

commit 04fa300598f56e2777aecbbf6be1649691ed7877
Author: vikas123456778009 <50516675+vikas123456778009@users.noreply.github.com>
...skipping...
commit 0383e43b8d96e8da21f3e108762a609c99b22c30 (HEAD -> main, origin/main, origin/HEAD)
Author: vikas123456778009 <vikasdewangan218@gmail.com>
Date:   Tue Apr 9 16:03:55 2024 +0530

    remove new

commit 84cfbaa03070335b51ad94462ccf4eb546f66edf
Merge: c22cf28 5f986da
Author: vikas123456778009 <vikasdewangan218@gmail.com>
Date:   Tue Apr 9 16:01:25 2024 +0530

    new

commit 5f986da0dc8c2ba308d38a6bfabc8c9deced4f94
Author: vikas123456778009 <50516675+vikas123456778009@users.noreply.github.com>
Date:   Tue Apr 9 15:57:50 2024 +0530

commit 0383e43b8d96e8da21f3e108762a609c99b22c30 (HEAD -> main, origin/main, origin/HEAD)
Author: vikas123456778009 <vikasdewangan218@gmail.com>
Date:   Tue Apr 9 16:03:55 2024 +0530

    remove new

commit 84cfbaa03070335b51ad94462ccf4eb546f66edf
Merge: c22cf28 5f986da
Author: vikas123456778009 <vikasdewangan218@gmail.com>
Date:   Tue Apr 9 16:01:25 2024 +0530

    new

commit 5f986da0dc8c2ba308d38a6bfabc8c9deced4f94
Author: vikas123456778009 <50516675+vikas123456778009@users.noreply.github.com>
Date:   Tue Apr 9 15:57:50 2024 +0530

    Create d.txt

commit c22cf282b4f9c50dc7d7cf447bf838a4074f70f0
Author: vikas123456778009 <vikasdewangan218@gmail.com>
Date:   Tue Apr 9 15:30:16 2024 +0530

    created file

commit 04fa300598f56e2777aecbbf6be1649691ed7877
Author: vikas123456778009 <50516675+vikas123456778009@users.noreply.github.com>
...skipping...


                   SUMMARY OF LESS COMMANDS

      Commands marked with * may be preceded by a number, N.
      Notes in parentheses indicate the behavior if N is given.
      A key preceded by a caret indicates the Ctrl key; thus ^K is ctrl-K.

  h  H                 Display this help.
  q  :q  Q  :Q  ZZ     Exit.
 ---------------------------------------------------------------------------

                           MOVING

  e  ^E  j  ^N  CR  *  Forward  one line   (or N lines).
  y  ^Y  k  ^K  ^P  *  Backward one line   (or N lines).
  f  ^F  ^V  SPACE  *  Forward  one window (or N lines).
  b  ^B  ESC-v      *  Backward one window (or N lines).
  z                 *  Forward  one window (and set window to N).
  w                 *  Backward one window (and set window to N).
  ESC-SPACE         *  Forward  one window, but don't stop at end-of-file.
  d  ^D             *  Forward  one half-window (and set half-window to N).
  u  ^U             *  Backward one half-window (and set half-window to N).
  ESC-)  RightArrow *  Right one half screen width (or N positions).
  ESC-(  LeftArrow  *  Left  one half screen width (or N positions).
  ESC-}  ^RightArrow   Right to last column displayed.
  ESC-{  ^LeftArrow    Left  to first column.
  F                    Forward forever; like "tail -f".
  ESC-F                Like F but stop when search pattern is found.
  r  ^R  ^L            Repaint screen.
...skipping...
                --wordwrap
                  Wrap lines at spaces.


 ---------------------------------------------------------------------------

                          LINE EDITING

        These keys can be used to edit text being entered
        on the "command line" at the bottom of the screen.

 RightArrow ..................... ESC-l ... Move cursor right one character.
 LeftArrow ...................... ESC-h ... Move cursor left one character.
 ctrl-RightArrow  ESC-RightArrow  ESC-w ... Move cursor right one word.
 ctrl-LeftArrow   ESC-LeftArrow   ESC-b ... Move cursor left one word.
 HOME ........................... ESC-0 ... Move cursor to start of line.
 END ............................ ESC-$ ... Move cursor to end of line.
 BACKSPACE ................................ Delete char to left of cursor.
 DELETE ......................... ESC-x ... Delete char under cursor.
 ctrl-BACKSPACE   ESC-BACKSPACE ........... Delete word to left of cursor.
 ctrl-DELETE .... ESC-DELETE .... ESC-X ... Delete word under cursor.
 ctrl-U ......... ESC (MS-DOS only) ....... Delete entire line.
 UpArrow ........................ ESC-k ... Retrieve previous command line.
 DownArrow ...................... ESC-j ... Retrieve next command line.
 TAB ...................................... Complete filename & cycle.
 SHIFT-TAB ...................... ESC-TAB   Complete filename & reverse cycle.
 ctrl-L ................................... Complete filename, list all.
 ESCOC




---------------------



ed
en.

 right one character.
 left one character.
 right one word.
 left one word.
 to start of line.
 to end of line.
 to left of cursor.
 under cursor.
 to left of cursor.
 under cursor.
re line.
evious command line.
xt command line.
lename & cycle.
lename & reverse cycle.
lename, list all.
 ESCOC



























 ESCOC



























 ESCOC



























 ESCOC



























 ESCOC



























 ESCOC



























 ESCOC



























 ESCOC



























 ESCOC



























 ESCOC



























 ESCOC



























 ESCOC



























 ESCOC



























 ESCOD



























 ESCOD



























 ESCOD



























 ESCOD



























 ESCOD



























 ESCOD



























 ESCOD



























 ESCOD



























 ESCOD



























 ESCOD



























 ESCOD



























 ESCOD



























 ESCOD




---------------------



ed
en.

 right one character.
 left one character.
 right one word.
 left one word.
 to start of line.
 to end of line.
 to left of cursor.
 under cursor.
 to left of cursor.
 under cursor.
re line.
evious command line.
xt command line.
lename & cycle.
lename & reverse cycle.
lename, list all.
 ESCOD
                --wordwrap
                  Wrap lines at spaces.


 ---------------------------------------------------------------------------

                          LINE EDITING

        These keys can be used to edit text being entered
        on the "command line" at the bottom of the screen.

 RightArrow ..................... ESC-l ... Move cursor right one character.
 LeftArrow ...................... ESC-h ... Move cursor left one character.
 ctrl-RightArrow  ESC-RightArrow  ESC-w ... Move cursor right one word.
 ctrl-LeftArrow   ESC-LeftArrow   ESC-b ... Move cursor left one word.
 HOME ........................... ESC-0 ... Move cursor to start of line.
 END ............................ ESC-$ ... Move cursor to end of line.
 BACKSPACE ................................ Delete char to left of cursor.
 DELETE ......................... ESC-x ... Delete char under cursor.
 ctrl-BACKSPACE   ESC-BACKSPACE ........... Delete word to left of cursor.
 ctrl-DELETE .... ESC-DELETE .... ESC-X ... Delete word under cursor.
 ctrl-U ......... ESC (MS-DOS only) ....... Delete entire line.
 UpArrow ........................ ESC-k ... Retrieve previous command line.
 DownArrow ...................... ESC-j ... Retrieve next command line.
 TAB ...................................... Complete filename & cycle.
 SHIFT-TAB ...................... ESC-TAB   Complete filename & reverse cycle.
 ctrl-L ................................... Complete filename, list all.
 ESCOD
                --wordwrap
                  Wrap lines at spaces.


 ---------------------------------------------------------------------------

                          LINE EDITING

        These keys can be used to edit text being entered
        on the "command line" at the bottom of the screen.

 RightArrow ..................... ESC-l ... Move cursor right one character.
 LeftArrow ...................... ESC-h ... Move cursor left one character.
 ctrl-RightArrow  ESC-RightArrow  ESC-w ... Move cursor right one word.
 ctrl-LeftArrow   ESC-LeftArrow   ESC-b ... Move cursor left one word.
 HOME ........................... ESC-0 ... Move cursor to start of line.
 END ............................ ESC-$ ... Move cursor to end of line.
 BACKSPACE ................................ Delete char to left of cursor.
 DELETE ......................... ESC-x ... Delete char under cursor.
 ctrl-BACKSPACE   ESC-BACKSPACE ........... Delete word to left of cursor.
 ctrl-DELETE .... ESC-DELETE .... ESC-X ... Delete word under cursor.
 ctrl-U ......... ESC (MS-DOS only) ....... Delete entire line.
 UpArrow ........................ ESC-k ... Retrieve previous command line.
 DownArrow ...................... ESC-j ... Retrieve next command line.
 TAB ...................................... Complete filename & cycle.
 SHIFT-TAB ...................... ESC-TAB   Complete filename & reverse cycle.
 ctrl-L ................................... Complete filename, list all.
 ESCOD
                --wordwrap
                  Wrap lines at spaces.


 ---------------------------------------------------------------------------

                          LINE EDITING

        These keys can be used to edit text being entered
        on the "command line" at the bottom of the screen.

 RightArrow ..................... ESC-l ... Move cursor right one character.
 LeftArrow ...................... ESC-h ... Move cursor left one character.
 ctrl-RightArrow  ESC-RightArrow  ESC-w ... Move cursor right one word.
 ctrl-LeftArrow   ESC-LeftArrow   ESC-b ... Move cursor left one word.
 HOME ........................... ESC-0 ... Move cursor to start of line.
 END ............................ ESC-$ ... Move cursor to end of line.
 BACKSPACE ................................ Delete char to left of cursor.
 DELETE ......................... ESC-x ... Delete char under cursor.
 ctrl-BACKSPACE   ESC-BACKSPACE ........... Delete word to left of cursor.
 ctrl-DELETE .... ESC-DELETE .... ESC-X ... Delete word under cursor.
 ctrl-U ......... ESC (MS-DOS only) ....... Delete entire line.
 UpArrow ........................ ESC-k ... Retrieve previous command line.
 DownArrow ...................... ESC-j ... Retrieve next command line.
 TAB ...................................... Complete filename & cycle.
 SHIFT-TAB ...................... ESC-TAB   Complete filename & reverse cycle.
 ctrl-L ................................... Complete filename, list all.
 ESCOD
                --wordwrap
                  Wrap lines at spaces.


 ---------------------------------------------------------------------------

                          LINE EDITING

        These keys can be used to edit text being entered
        on the "command line" at the bottom of the screen.

 RightArrow ..................... ESC-l ... Move cursor right one character.
 LeftArrow ...................... ESC-h ... Move cursor left one character.
 ctrl-RightArrow  ESC-RightArrow  ESC-w ... Move cursor right one word.
 ctrl-LeftArrow   ESC-LeftArrow   ESC-b ... Move cursor left one word.
 HOME ........................... ESC-0 ... Move cursor to start of line.
 END ............................ ESC-$ ... Move cursor to end of line.
 BACKSPACE ................................ Delete char to left of cursor.
 DELETE ......................... ESC-x ... Delete char under cursor.
 ctrl-BACKSPACE   ESC-BACKSPACE ........... Delete word to left of cursor.
 ctrl-DELETE .... ESC-DELETE .... ESC-X ... Delete word under cursor.
 ctrl-U ......... ESC (MS-DOS only) ....... Delete entire line.
 UpArrow ........................ ESC-k ... Retrieve previous command line.
 DownArrow ...................... ESC-j ... Retrieve next command line.
 TAB ...................................... Complete filename & cycle.
 SHIFT-TAB ...................... ESC-TAB   Complete filename & reverse cycle.
 ctrl-L ................................... Complete filename, list all.
 ESCOD
                --wordwrap
                  Wrap lines at spaces.


 ---------------------------------------------------------------------------

                          LINE EDITING

        These keys can be used to edit text being entered
        on the "command line" at the bottom of the screen.

 RightArrow ..................... ESC-l ... Move cursor right one character.
 LeftArrow ...................... ESC-h ... Move cursor left one character.
 ctrl-RightArrow  ESC-RightArrow  ESC-w ... Move cursor right one word.
 ctrl-LeftArrow   ESC-LeftArrow   ESC-b ... Move cursor left one word.
 HOME ........................... ESC-0 ... Move cursor to start of line.
 END ............................ ESC-$ ... Move cursor to end of line.
 BACKSPACE ................................ Delete char to left of cursor.
 DELETE ......................... ESC-x ... Delete char under cursor.
 ctrl-BACKSPACE   ESC-BACKSPACE ........... Delete word to left of cursor.
 ctrl-DELETE .... ESC-DELETE .... ESC-X ... Delete word under cursor.
 ctrl-U ......... ESC (MS-DOS only) ....... Delete entire line.
 UpArrow ........................ ESC-k ... Retrieve previous command line.
 DownArrow ...................... ESC-j ... Retrieve next command line.
 TAB ...................................... Complete filename & cycle.
 SHIFT-TAB ...................... ESC-TAB   Complete filename & reverse cycle.
 ctrl-L ................................... Complete filename, list all.
 ESCOD
                --wordwrap
                  Wrap lines at spaces.


 ---------------------------------------------------------------------------

                          LINE EDITING

        These keys can be used to edit text being entered
        on the "command line" at the bottom of the screen.

 RightArrow ..................... ESC-l ... Move cursor right one character.
 LeftArrow ...................... ESC-h ... Move cursor left one character.
 ctrl-RightArrow  ESC-RightArrow  ESC-w ... Move cursor right one word.
 ctrl-LeftArrow   ESC-LeftArrow   ESC-b ... Move cursor left one word.
 HOME ........................... ESC-0 ... Move cursor to start of line.
 END ............................ ESC-$ ... Move cursor to end of line.
 BACKSPACE ................................ Delete char to left of cursor.
 DELETE ......................... ESC-x ... Delete char under cursor.
 ctrl-BACKSPACE   ESC-BACKSPACE ........... Delete word to left of cursor.
 ctrl-DELETE .... ESC-DELETE .... ESC-X ... Delete word under cursor.
 ctrl-U ......... ESC (MS-DOS only) ....... Delete entire line.
 UpArrow ........................ ESC-k ... Retrieve previous command line.
 DownArrow ...................... ESC-j ... Retrieve next command line.
 TAB ...................................... Complete filename & cycle.
 SHIFT-TAB ...................... ESC-TAB   Complete filename & reverse cycle.
 ctrl-L ................................... Complete filename, list all.
 ESCOD
                --wordwrap
                  Wrap lines at spaces.


 ---------------------------------------------------------------------------

                          LINE EDITING

        These keys can be used to edit text being entered
        on the "command line" at the bottom of the screen.

 RightArrow ..................... ESC-l ... Move cursor right one character.
 LeftArrow ...................... ESC-h ... Move cursor left one character.
 ctrl-RightArrow  ESC-RightArrow  ESC-w ... Move cursor right one word.
 ctrl-LeftArrow   ESC-LeftArrow   ESC-b ... Move cursor left one word.
 HOME ........................... ESC-0 ... Move cursor to start of line.
 END ............................ ESC-$ ... Move cursor to end of line.
 BACKSPACE ................................ Delete char to left of cursor.
 DELETE ......................... ESC-x ... Delete char under cursor.
 ctrl-BACKSPACE   ESC-BACKSPACE ........... Delete word to left of cursor.
 ctrl-DELETE .... ESC-DELETE .... ESC-X ... Delete word under cursor.
 ctrl-U ......... ESC (MS-DOS only) ....... Delete entire line.
 UpArrow ........................ ESC-k ... Retrieve previous command line.
 DownArrow ...................... ESC-j ... Retrieve next command line.
 TAB ...................................... Complete filename & cycle.
 SHIFT-TAB ...................... ESC-TAB   Complete filename & reverse cycle.
 ctrl-L ................................... Complete filename, list all.
 ESCOD
                --wordwrap
                  Wrap lines at spaces.


 ---------------------------------------------------------------------------

                          LINE EDITING

        These keys can be used to edit text being entered
        on the "command line" at the bottom of the screen.

 RightArrow ..................... ESC-l ... Move cursor right one character.
 LeftArrow ...................... ESC-h ... Move cursor left one character.
 ctrl-RightArrow  ESC-RightArrow  ESC-w ... Move cursor right one word.
 ctrl-LeftArrow   ESC-LeftArrow   ESC-b ... Move cursor left one word.
 HOME ........................... ESC-0 ... Move cursor to start of line.
 END ............................ ESC-$ ... Move cursor to end of line.
 BACKSPACE ................................ Delete char to left of cursor.
 DELETE ......................... ESC-x ... Delete char under cursor.
 ctrl-BACKSPACE   ESC-BACKSPACE ........... Delete word to left of cursor.
 ctrl-DELETE .... ESC-DELETE .... ESC-X ... Delete word under cursor.
 ctrl-U ......... ESC (MS-DOS only) ....... Delete entire line.
 UpArrow ........................ ESC-k ... Retrieve previous command line.
 DownArrow ...................... ESC-j ... Retrieve next command line.
 TAB ...................................... Complete filename & cycle.
 SHIFT-TAB ...................... ESC-TAB   Complete filename & reverse cycle.
 ctrl-L ................................... Complete filename, list all.
 ESCOD
                --wordwrap
                  Wrap lines at spaces.


 ---------------------------------------------------------------------------

                          LINE EDITING

        These keys can be used to edit text being entered
        on the "command line" at the bottom of the screen.

 RightArrow ..................... ESC-l ... Move cursor right one character.
 LeftArrow ...................... ESC-h ... Move cursor left one character.
 ctrl-RightArrow  ESC-RightArrow  ESC-w ... Move cursor right one word.
 ctrl-LeftArrow   ESC-LeftArrow   ESC-b ... Move cursor left one word.
 HOME ........................... ESC-0 ... Move cursor to start of line.
 END ............................ ESC-$ ... Move cursor to end of line.
 BACKSPACE ................................ Delete char to left of cursor.
 DELETE ......................... ESC-x ... Delete char under cursor.
 ctrl-BACKSPACE   ESC-BACKSPACE ........... Delete word to left of cursor.
 ctrl-DELETE .... ESC-DELETE .... ESC-X ... Delete word under cursor.
 ctrl-U ......... ESC (MS-DOS only) ....... Delete entire line.
 UpArrow ........................ ESC-k ... Retrieve previous command line.
 DownArrow ...................... ESC-j ... Retrieve next command line.
 TAB ...................................... Complete filename & cycle.
 SHIFT-TAB ...................... ESC-TAB   Complete filename & reverse cycle.
 ctrl-L ................................... Complete filename, list all.
 ESCOD
                --wordwrap
                  Wrap lines at spaces.


 ---------------------------------------------------------------------------

                          LINE EDITING

        These keys can be used to edit text being entered
        on the "command line" at the bottom of the screen.

 RightArrow ..................... ESC-l ... Move cursor right one character.
 LeftArrow ...................... ESC-h ... Move cursor left one character.
 ctrl-RightArrow  ESC-RightArrow  ESC-w ... Move cursor right one word.
 ctrl-LeftArrow   ESC-LeftArrow   ESC-b ... Move cursor left one word.
 HOME ........................... ESC-0 ... Move cursor to start of line.
 END ............................ ESC-$ ... Move cursor to end of line.
 BACKSPACE ................................ Delete char to left of cursor.
 DELETE ......................... ESC-x ... Delete char under cursor.
 ctrl-BACKSPACE   ESC-BACKSPACE ........... Delete word to left of cursor.
 ctrl-DELETE .... ESC-DELETE .... ESC-X ... Delete word under cursor.
 ctrl-U ......... ESC (MS-DOS only) ....... Delete entire line.
 UpArrow ........................ ESC-k ... Retrieve previous command line.
 DownArrow ...................... ESC-j ... Retrieve next command line.
 TAB ...................................... Complete filename & cycle.
 SHIFT-TAB ...................... ESC-TAB   Complete filename & reverse cycle.
 ctrl-L ................................... Complete filename, list all.
 ESCOD
                --wordwrap
                  Wrap lines at spaces.


 ---------------------------------------------------------------------------

                          LINE EDITING

        These keys can be used to edit text being entered
        on the "command line" at the bottom of the screen.

 RightArrow ..................... ESC-l ... Move cursor right one character.
 LeftArrow ...................... ESC-h ... Move cursor left one character.
 ctrl-RightArrow  ESC-RightArrow  ESC-w ... Move cursor right one word.
 ctrl-LeftArrow   ESC-LeftArrow   ESC-b ... Move cursor left one word.
 HOME ........................... ESC-0 ... Move cursor to start of line.
 END ............................ ESC-$ ... Move cursor to end of line.
 BACKSPACE ................................ Delete char to left of cursor.
 DELETE ......................... ESC-x ... Delete char under cursor.
 ctrl-BACKSPACE   ESC-BACKSPACE ........... Delete word to left of cursor.
 ctrl-DELETE .... ESC-DELETE .... ESC-X ... Delete word under cursor.
 ctrl-U ......... ESC (MS-DOS only) ....... Delete entire line.
 UpArrow ........................ ESC-k ... Retrieve previous command line.
 DownArrow ...................... ESC-j ... Retrieve next command line.
 TAB ...................................... Complete filename & cycle.
 SHIFT-TAB ...................... ESC-TAB   Complete filename & reverse cycle.
 ctrl-L ................................... Complete filename, list all.
 ESCOD
                --wordwrap
                  Wrap lines at spaces.


 ---------------------------------------------------------------------------

                          LINE EDITING

        These keys can be used to edit text being entered
        on the "command line" at the bottom of the screen.

 RightArrow ..................... ESC-l ... Move cursor right one character.
 LeftArrow ...................... ESC-h ... Move cursor left one character.
 ctrl-RightArrow  ESC-RightArrow  ESC-w ... Move cursor right one word.
 ctrl-LeftArrow   ESC-LeftArrow   ESC-b ... Move cursor left one word.
 HOME ........................... ESC-0 ... Move cursor to start of line.
 END ............................ ESC-$ ... Move cursor to end of line.
 BACKSPACE ................................ Delete char to left of cursor.
 DELETE ......................... ESC-x ... Delete char under cursor.
 ctrl-BACKSPACE   ESC-BACKSPACE ........... Delete word to left of cursor.
 ctrl-DELETE .... ESC-DELETE .... ESC-X ... Delete word under cursor.
 ctrl-U ......... ESC (MS-DOS only) ....... Delete entire line.
 UpArrow ........................ ESC-k ... Retrieve previous command line.
 DownArrow ...................... ESC-j ... Retrieve next command line.
 TAB ...................................... Complete filename & cycle.
 SHIFT-TAB ...................... ESC-TAB   Complete filename & reverse cycle.
 ctrl-L ................................... Complete filename, list all.
 ESCOD
                --wordwrap
                  Wrap lines at spaces.


 ---------------------------------------------------------------------------

                          LINE EDITING

        These keys can be used to edit text being entered
        on the "command line" at the bottom of the screen.

 RightArrow ..................... ESC-l ... Move cursor right one character.
 LeftArrow ...................... ESC-h ... Move cursor left one character.
 ctrl-RightArrow  ESC-RightArrow  ESC-w ... Move cursor right one word.
 ctrl-LeftArrow   ESC-LeftArrow   ESC-b ... Move cursor left one word.
 HOME ........................... ESC-0 ... Move cursor to start of line.
 END ............................ ESC-$ ... Move cursor to end of line.
 BACKSPACE ................................ Delete char to left of cursor.
 DELETE ......................... ESC-x ... Delete char under cursor.
 ctrl-BACKSPACE   ESC-BACKSPACE ........... Delete word to left of cursor.
 ctrl-DELETE .... ESC-DELETE .... ESC-X ... Delete word under cursor.
 ctrl-U ......... ESC (MS-DOS only) ....... Delete entire line.
 UpArrow ........................ ESC-k ... Retrieve previous command line.
 DownArrow ...................... ESC-j ... Retrieve next command line.
 TAB ...................................... Complete filename & cycle.
 SHIFT-TAB ...................... ESC-TAB   Complete filename & reverse cycle.
 ctrl-L ................................... Complete filename, list all.
 ESCOD
                --wordwrap
                  Wrap lines at spaces.


 ---------------------------------------------------------------------------

                          LINE EDITING

        These keys can be used to edit text being entered
        on the "command line" at the bottom of the screen.

 RightArrow ..................... ESC-l ... Move cursor right one character.
 LeftArrow ...................... ESC-h ... Move cursor left one character.
 ctrl-RightArrow  ESC-RightArrow  ESC-w ... Move cursor right one word.
 ctrl-LeftArrow   ESC-LeftArrow   ESC-b ... Move cursor left one word.
 HOME ........................... ESC-0 ... Move cursor to start of line.
 END ............................ ESC-$ ... Move cursor to end of line.
 BACKSPACE ................................ Delete char to left of cursor.
 DELETE ......................... ESC-x ... Delete char under cursor.
 ctrl-BACKSPACE   ESC-BACKSPACE ........... Delete word to left of cursor.
 ctrl-DELETE .... ESC-DELETE .... ESC-X ... Delete word under cursor.
 ctrl-U ......... ESC (MS-DOS only) ....... Delete entire line.
 UpArrow ........................ ESC-k ... Retrieve previous command line.
 DownArrow ...................... ESC-j ... Retrieve next command line.
 TAB ...................................... Complete filename & cycle.
 SHIFT-TAB ...................... ESC-TAB   Complete filename & reverse cycle.
 ctrl-L ................................... Complete filename, list all.
 ESCOD
                --wordwrap
                  Wrap lines at spaces.


 ---------------------------------------------------------------------------

                          LINE EDITING

        These keys can be used to edit text being entered
        on the "command line" at the bottom of the screen.

 RightArrow ..................... ESC-l ... Move cursor right one character.
 LeftArrow ...................... ESC-h ... Move cursor left one character.
 ctrl-RightArrow  ESC-RightArrow  ESC-w ... Move cursor right one word.
 ctrl-LeftArrow   ESC-LeftArrow   ESC-b ... Move cursor left one word.
 HOME ........................... ESC-0 ... Move cursor to start of line.
 END ............................ ESC-$ ... Move cursor to end of line.
 BACKSPACE ................................ Delete char to left of cursor.
 DELETE ......................... ESC-x ... Delete char under cursor.
 ctrl-BACKSPACE   ESC-BACKSPACE ........... Delete word to left of cursor.
 ctrl-DELETE .... ESC-DELETE .... ESC-X ... Delete word under cursor.
 ctrl-U ......... ESC (MS-DOS only) ....... Delete entire line.
 UpArrow ........................ ESC-k ... Retrieve previous command line.
 DownArrow ...................... ESC-j ... Retrieve next command line.
 TAB ...................................... Complete filename & cycle.
 SHIFT-TAB ...................... ESC-TAB   Complete filename & reverse cycle.
 ctrl-L ................................... Complete filename, list all.
 ESCOD
                --wordwrap
                  Wrap lines at spaces.


 ---------------------------------------------------------------------------

                          LINE EDITING

        These keys can be used to edit text being entered
        on the "command line" at the bottom of the screen.

 RightArrow ..................... ESC-l ... Move cursor right one character.
 LeftArrow ...................... ESC-h ... Move cursor left one character.
 ctrl-RightArrow  ESC-RightArrow  ESC-w ... Move cursor right one word.
 ctrl-LeftArrow   ESC-LeftArrow   ESC-b ... Move cursor left one word.
 HOME ........................... ESC-0 ... Move cursor to start of line.
 END ............................ ESC-$ ... Move cursor to end of line.
 BACKSPACE ................................ Delete char to left of cursor.
 DELETE ......................... ESC-x ... Delete char under cursor.
 ctrl-BACKSPACE   ESC-BACKSPACE ........... Delete word to left of cursor.
 ctrl-DELETE .... ESC-DELETE .... ESC-X ... Delete word under cursor.
 ctrl-U ......... ESC (MS-DOS only) ....... Delete entire line.
 UpArrow ........................ ESC-k ... Retrieve previous command line.
 DownArrow ...................... ESC-j ... Retrieve next command line.
 TAB ...................................... Complete filename & cycle.
 SHIFT-TAB ...................... ESC-TAB   Complete filename & reverse cycle.
 ctrl-L ................................... Complete filename, list all.
 ESCOD
                --wordwrap
                  Wrap lines at spaces.


 ---------------------------------------------------------------------------

                          LINE EDITING

        These keys can be used to edit text being entered
        on the "command line" at the bottom of the screen.

 RightArrow ..................... ESC-l ... Move cursor right one character.
 LeftArrow ...................... ESC-h ... Move cursor left one character.
 ctrl-RightArrow  ESC-RightArrow  ESC-w ... Move cursor right one word.
 ctrl-LeftArrow   ESC-LeftArrow   ESC-b ... Move cursor left one word.
 HOME ........................... ESC-0 ... Move cursor to start of line.
 END ............................ ESC-$ ... Move cursor to end of line.
 BACKSPACE ................................ Delete char to left of cursor.
 DELETE ......................... ESC-x ... Delete char under cursor.
 ctrl-BACKSPACE   ESC-BACKSPACE ........... Delete word to left of cursor.
 ctrl-DELETE .... ESC-DELETE .... ESC-X ... Delete word under cursor.
 ctrl-U ......... ESC (MS-DOS only) ....... Delete entire line.
 UpArrow ........................ ESC-k ... Retrieve previous command line.
 DownArrow ...................... ESC-j ... Retrieve next command line.
 TAB ...................................... Complete filename & cycle.
 SHIFT-TAB ...................... ESC-TAB   Complete filename & reverse cycle.
 ctrl-L ................................... Complete filename, list all.
 ESCOD
                --wordwrap
                  Wrap lines at spaces.


 ---------------------------------------------------------------------------

                          LINE EDITING

        These keys can be used to edit text being entered
        on the "command line" at the bottom of the screen.

 RightArrow ..................... ESC-l ... Move cursor right one character.
 LeftArrow ...................... ESC-h ... Move cursor left one character.
 ctrl-RightArrow  ESC-RightArrow  ESC-w ... Move cursor right one word.
 ctrl-LeftArrow   ESC-LeftArrow   ESC-b ... Move cursor left one word.
 HOME ........................... ESC-0 ... Move cursor to start of line.
 END ............................ ESC-$ ... Move cursor to end of line.
 BACKSPACE ................................ Delete char to left of cursor.
 DELETE ......................... ESC-x ... Delete char under cursor.
 ctrl-BACKSPACE   ESC-BACKSPACE ........... Delete word to left of cursor.
 ctrl-DELETE .... ESC-DELETE .... ESC-X ... Delete word under cursor.
 ctrl-U ......... ESC (MS-DOS only) ....... Delete entire line.
 UpArrow ........................ ESC-k ... Retrieve previous command line.
 DownArrow ...................... ESC-j ... Retrieve next command line.
 TAB ...................................... Complete filename & cycle.
 SHIFT-TAB ...................... ESC-TAB   Complete filename & reverse cycle.
 ctrl-L ................................... Complete filename, list all.
 ESCOD
                --wordwrap
                  Wrap lines at spaces.


 ---------------------------------------------------------------------------

                          LINE EDITING

        These keys can be used to edit text being entered
        on the "command line" at the bottom of the screen.

 RightArrow ..................... ESC-l ... Move cursor right one character.
 LeftArrow ...................... ESC-h ... Move cursor left one character.
 ctrl-RightArrow  ESC-RightArrow  ESC-w ... Move cursor right one word.
 ctrl-LeftArrow   ESC-LeftArrow   ESC-b ... Move cursor left one word.
 HOME ........................... ESC-0 ... Move cursor to start of line.
 END ............................ ESC-$ ... Move cursor to end of line.
 BACKSPACE ................................ Delete char to left of cursor.
 DELETE ......................... ESC-x ... Delete char under cursor.
 ctrl-BACKSPACE   ESC-BACKSPACE ........... Delete word to left of cursor.
 ctrl-DELETE .... ESC-DELETE .... ESC-X ... Delete word under cursor.
 ctrl-U ......... ESC (MS-DOS only) ....... Delete entire line.
 UpArrow ........................ ESC-k ... Retrieve previous command line.
 DownArrow ...................... ESC-j ... Retrieve next command line.
 TAB ...................................... Complete filename & cycle.
 SHIFT-TAB ...................... ESC-TAB   Complete filename & reverse cycle.
 ctrl-L ................................... Complete filename, list all.
 ESCOD
                --wordwrap
                  Wrap lines at spaces.


 ---------------------------------------------------------------------------

                          LINE EDITING

        These keys can be used to edit text being entered
        on the "command line" at the bottom of the screen.

 RightArrow ..................... ESC-l ... Move cursor right one character.
 LeftArrow ...................... ESC-h ... Move cursor left one character.
 ctrl-RightArrow  ESC-RightArrow  ESC-w ... Move cursor right one word.
 ctrl-LeftArrow   ESC-LeftArrow   ESC-b ... Move cursor left one word.
 HOME ........................... ESC-0 ... Move cursor to start of line.
 END ............................ ESC-$ ... Move cursor to end of line.
 BACKSPACE ................................ Delete char to left of cursor.
 DELETE ......................... ESC-x ... Delete char under cursor.
 ctrl-BACKSPACE   ESC-BACKSPACE ........... Delete word to left of cursor.
 ctrl-DELETE .... ESC-DELETE .... ESC-X ... Delete word under cursor.
 ctrl-U ......... ESC (MS-DOS only) ....... Delete entire line.
 UpArrow ........................ ESC-k ... Retrieve previous command line.
 DownArrow ...................... ESC-j ... Retrieve next command line.
 TAB ...................................... Complete filename & cycle.
 SHIFT-TAB ...................... ESC-TAB   Complete filename & reverse cycle.
 ctrl-L ................................... Complete filename, list all.
 ESCOD
                --wordwrap
                  Wrap lines at spaces.


 ---------------------------------------------------------------------------

                          LINE EDITING

        These keys can be used to edit text being entered
        on the "command line" at the bottom of the screen.

 RightArrow ..................... ESC-l ... Move cursor right one character.
 LeftArrow ...................... ESC-h ... Move cursor left one character.
 ctrl-RightArrow  ESC-RightArrow  ESC-w ... Move cursor right one word.
 ctrl-LeftArrow   ESC-LeftArrow   ESC-b ... Move cursor left one word.
 HOME ........................... ESC-0 ... Move cursor to start of line.
 END ............................ ESC-$ ... Move cursor to end of line.
 BACKSPACE ................................ Delete char to left of cursor.
 DELETE ......................... ESC-x ... Delete char under cursor.
 ctrl-BACKSPACE   ESC-BACKSPACE ........... Delete word to left of cursor.
 ctrl-DELETE .... ESC-DELETE .... ESC-X ... Delete word under cursor.
 ctrl-U ......... ESC (MS-DOS only) ....... Delete entire line.
 UpArrow ........................ ESC-k ... Retrieve previous command line.
 DownArrow ...................... ESC-j ... Retrieve next command line.
 TAB ...................................... Complete filename & cycle.
 SHIFT-TAB ...................... ESC-TAB   Complete filename & reverse cycle.
 ctrl-L ................................... Complete filename, list all.
 ESCOD
                --wordwrap
                  Wrap lines at spaces.


 ---------------------------------------------------------------------------

                          LINE EDITING

        These keys can be used to edit text being entered
        on the "command line" at the bottom of the screen.

 RightArrow ..................... ESC-l ... Move cursor right one character.
 LeftArrow ...................... ESC-h ... Move cursor left one character.
 ctrl-RightArrow  ESC-RightArrow  ESC-w ... Move cursor right one word.
 ctrl-LeftArrow   ESC-LeftArrow   ESC-b ... Move cursor left one word.
 HOME ........................... ESC-0 ... Move cursor to start of line.
 END ............................ ESC-$ ... Move cursor to end of line.
 BACKSPACE ................................ Delete char to left of cursor.
 DELETE ......................... ESC-x ... Delete char under cursor.
 ctrl-BACKSPACE   ESC-BACKSPACE ........... Delete word to left of cursor.
 ctrl-DELETE .... ESC-DELETE .... ESC-X ... Delete word under cursor.
 ctrl-U ......... ESC (MS-DOS only) ....... Delete entire line.
 UpArrow ........................ ESC-k ... Retrieve previous command line.
 DownArrow ...................... ESC-j ... Retrieve next command line.
 TAB ...................................... Complete filename & cycle.
 SHIFT-TAB ...................... ESC-TAB   Complete filename & reverse cycle.
 ctrl-L ................................... Complete filename, list all.
 ESCOD
                --wordwrap
                  Wrap lines at spaces.


 ---------------------------------------------------------------------------

                          LINE EDITING

        These keys can be used to edit text being entered
        on the "command line" at the bottom of the screen.

 RightArrow ..................... ESC-l ... Move cursor right one character.
 LeftArrow ...................... ESC-h ... Move cursor left one character.
 ctrl-RightArrow  ESC-RightArrow  ESC-w ... Move cursor right one word.
 ctrl-LeftArrow   ESC-LeftArrow   ESC-b ... Move cursor left one word.
 HOME ........................... ESC-0 ... Move cursor to start of line.
 END ............................ ESC-$ ... Move cursor to end of line.
 BACKSPACE ................................ Delete char to left of cursor.
 DELETE ......................... ESC-x ... Delete char under cursor.
 ctrl-BACKSPACE   ESC-BACKSPACE ........... Delete word to left of cursor.
 ctrl-DELETE .... ESC-DELETE .... ESC-X ... Delete word under cursor.
 ctrl-U ......... ESC (MS-DOS only) ....... Delete entire line.
 UpArrow ........................ ESC-k ... Retrieve previous command line.
 DownArrow ...................... ESC-j ... Retrieve next command line.
 TAB ...................................... Complete filename & cycle.
 SHIFT-TAB ...................... ESC-TAB   Complete filename & reverse cycle.
 ctrl-L ................................... Complete filename, list all.
 ESCOD
                --wordwrap
                  Wrap lines at spaces.


 ---------------------------------------------------------------------------

                          LINE EDITING

        These keys can be used to edit text being entered
        on the "command line" at the bottom of the screen.

 RightArrow ..................... ESC-l ... Move cursor right one character.
 LeftArrow ...................... ESC-h ... Move cursor left one character.
 ctrl-RightArrow  ESC-RightArrow  ESC-w ... Move cursor right one word.
 ctrl-LeftArrow   ESC-LeftArrow   ESC-b ... Move cursor left one word.
 HOME ........................... ESC-0 ... Move cursor to start of line.
 END ............................ ESC-$ ... Move cursor to end of line.
 BACKSPACE ................................ Delete char to left of cursor.
 DELETE ......................... ESC-x ... Delete char under cursor.
 ctrl-BACKSPACE   ESC-BACKSPACE ........... Delete word to left of cursor.
 ctrl-DELETE .... ESC-DELETE .... ESC-X ... Delete word under cursor.
 ctrl-U ......... ESC (MS-DOS only) ....... Delete entire line.
 UpArrow ........................ ESC-k ... Retrieve previous command line.
 DownArrow ...................... ESC-j ... Retrieve next command line.
 TAB ...................................... Complete filename & cycle.
 SHIFT-TAB ...................... ESC-TAB   Complete filename & reverse cycle.
 ctrl-L ................................... Complete filename, list all.
 ESCOD
                --wordwrap
                  Wrap lines at spaces.


 ---------------------------------------------------------------------------

                          LINE EDITING

        These keys can be used to edit text being entered
        on the "command line" at the bottom of the screen.

 RightArrow ..................... ESC-l ... Move cursor right one character.
 LeftArrow ...................... ESC-h ... Move cursor left one character.
 ctrl-RightArrow  ESC-RightArrow  ESC-w ... Move cursor right one word.
 ctrl-LeftArrow   ESC-LeftArrow   ESC-b ... Move cursor left one word.
 HOME ........................... ESC-0 ... Move cursor to start of line.
 END ............................ ESC-$ ... Move cursor to end of line.
 BACKSPACE ................................ Delete char to left of cursor.
 DELETE ......................... ESC-x ... Delete char under cursor.
 ctrl-BACKSPACE   ESC-BACKSPACE ........... Delete word to left of cursor.
 ctrl-DELETE .... ESC-DELETE .... ESC-X ... Delete word under cursor.
 ctrl-U ......... ESC (MS-DOS only) ....... Delete entire line.
 UpArrow ........................ ESC-k ... Retrieve previous command line.
 DownArrow ...................... ESC-j ... Retrieve next command line.
 TAB ...................................... Complete filename & cycle.
 SHIFT-TAB ...................... ESC-TAB   Complete filename & reverse cycle.
 ctrl-L ................................... Complete filename, list all.
 ESCOD
                --wordwrap
                  Wrap lines at spaces.


 ---------------------------------------------------------------------------

                          LINE EDITING

        These keys can be used to edit text being entered
        on the "command line" at the bottom of the screen.

 RightArrow ..................... ESC-l ... Move cursor right one character.
 LeftArrow ...................... ESC-h ... Move cursor left one character.
 ctrl-RightArrow  ESC-RightArrow  ESC-w ... Move cursor right one word.
 ctrl-LeftArrow   ESC-LeftArrow   ESC-b ... Move cursor left one word.
 HOME ........................... ESC-0 ... Move cursor to start of line.
 END ............................ ESC-$ ... Move cursor to end of line.
 BACKSPACE ................................ Delete char to left of cursor.
 DELETE ......................... ESC-x ... Delete char under cursor.
 ctrl-BACKSPACE   ESC-BACKSPACE ........... Delete word to left of cursor.
 ctrl-DELETE .... ESC-DELETE .... ESC-X ... Delete word under cursor.
 ctrl-U ......... ESC (MS-DOS only) ....... Delete entire line.
 UpArrow ........................ ESC-k ... Retrieve previous command line.
 DownArrow ...................... ESC-j ... Retrieve next command line.
 TAB ...................................... Complete filename & cycle.
 SHIFT-TAB ...................... ESC-TAB   Complete filename & reverse cycle.
 ctrl-L ................................... Complete filename, list all.
 ESCOD
                --wordwrap
                  Wrap lines at spaces.


 ---------------------------------------------------------------------------

                          LINE EDITING

        These keys can be used to edit text being entered
        on the "command line" at the bottom of the screen.

 RightArrow ..................... ESC-l ... Move cursor right one character.
 LeftArrow ...................... ESC-h ... Move cursor left one character.
 ctrl-RightArrow  ESC-RightArrow  ESC-w ... Move cursor right one word.
 ctrl-LeftArrow   ESC-LeftArrow   ESC-b ... Move cursor left one word.
 HOME ........................... ESC-0 ... Move cursor to start of line.
 END ............................ ESC-$ ... Move cursor to end of line.
 BACKSPACE ................................ Delete char to left of cursor.
 DELETE ......................... ESC-x ... Delete char under cursor.
 ctrl-BACKSPACE   ESC-BACKSPACE ........... Delete word to left of cursor.
 ctrl-DELETE .... ESC-DELETE .... ESC-X ... Delete word under cursor.
 ctrl-U ......... ESC (MS-DOS only) ....... Delete entire line.
 UpArrow ........................ ESC-k ... Retrieve previous command line.
 DownArrow ...................... ESC-j ... Retrieve next command line.
 TAB ...................................... Complete filename & cycle.
 SHIFT-TAB ...................... ESC-TAB   Complete filename & reverse cycle.
 ctrl-L ................................... Complete filename, list all.
 ESCOD
                --wordwrap
                  Wrap lines at spaces.


 ---------------------------------------------------------------------------

                          LINE EDITING

        These keys can be used to edit text being entered
        on the "command line" at the bottom of the screen.

 RightArrow ..................... ESC-l ... Move cursor right one character.
 LeftArrow ...................... ESC-h ... Move cursor left one character.
 ctrl-RightArrow  ESC-RightArrow  ESC-w ... Move cursor right one word.
 ctrl-LeftArrow   ESC-LeftArrow   ESC-b ... Move cursor left one word.
 HOME ........................... ESC-0 ... Move cursor to start of line.
 END ............................ ESC-$ ... Move cursor to end of line.
 BACKSPACE ................................ Delete char to left of cursor.
 DELETE ......................... ESC-x ... Delete char under cursor.
 ctrl-BACKSPACE   ESC-BACKSPACE ........... Delete word to left of cursor.
 ctrl-DELETE .... ESC-DELETE .... ESC-X ... Delete word under cursor.
 ctrl-U ......... ESC (MS-DOS only) ....... Delete entire line.
 UpArrow ........................ ESC-k ... Retrieve previous command line.
 DownArrow ...................... ESC-j ... Retrieve next command line.
 TAB ...................................... Complete filename & cycle.
 SHIFT-TAB ...................... ESC-TAB   Complete filename & reverse cycle.
 ctrl-L ................................... Complete filename, list all.
 ESCOD
                --wordwrap
                  Wrap lines at spaces.


 ---------------------------------------------------------------------------

                          LINE EDITING

        These keys can be used to edit text being entered
        on the "command line" at the bottom of the screen.

 RightArrow ..................... ESC-l ... Move cursor right one character.
 LeftArrow ...................... ESC-h ... Move cursor left one character.
 ctrl-RightArrow  ESC-RightArrow  ESC-w ... Move cursor right one word.
 ctrl-LeftArrow   ESC-LeftArrow   ESC-b ... Move cursor left one word.
 HOME ........................... ESC-0 ... Move cursor to start of line.
 END ............................ ESC-$ ... Move cursor to end of line.
 BACKSPACE ................................ Delete char to left of cursor.
 DELETE ......................... ESC-x ... Delete char under cursor.
 ctrl-BACKSPACE   ESC-BACKSPACE ........... Delete word to left of cursor.
 ctrl-DELETE .... ESC-DELETE .... ESC-X ... Delete word under cursor.
 ctrl-U ......... ESC (MS-DOS only) ....... Delete entire line.
 UpArrow ........................ ESC-k ... Retrieve previous command line.
 DownArrow ...................... ESC-j ... Retrieve next command line.
 TAB ...................................... Complete filename & cycle.
 SHIFT-TAB ...................... ESC-TAB   Complete filename & reverse cycle.
 ctrl-L ................................... Complete filename, list all.

                   SUMMARY OF LESS COMMANDS

      Commands marked with * may be preceded by a number, N.
      Notes in parentheses indicate the behavior if N is given.
      A key preceded by a caret indicates the Ctrl key; thus ^K is ctrl-K.

  h  H                 Display this help.
  q  :q  Q  :Q  ZZ     Exit.
 ---------------------------------------------------------------------------

                           MOVING

  e  ^E  j  ^N  CR  *  Forward  one line   (or N lines).
  y  ^Y  k  ^K  ^P  *  Backward one line   (or N lines).
  f  ^F  ^V  SPACE  *  Forward  one window (or N lines).
  b  ^B  ESC-v      *  Backward one window (or N lines).
  z                 *  Forward  one window (and set window to N).
  w                 *  Backward one window (and set window to N).
  ESC-SPACE         *  Forward  one window, but don't stop at end-of-file.
  d  ^D             *  Forward  one half-window (and set half-window to N).
  u  ^U             *  Backward one half-window (and set half-window to N).
  ESC-)  RightArrow *  Right one half screen width (or N positions).
  ESC-(  LeftArrow  *  Left  one half screen width (or N positions).
  ESC-}  ^RightArrow   Right to last column displayed.
  ESC-{  ^LeftArrow    Left  to first column.
  F                    Forward forever; like "tail -f".
HELP -- Press RETURN for more, or q when done...skipping...
commit 0383e43b8d96e8da21f3e108762a609c99b22c30 (HEAD -> main, origin/main, origin/HEAD)
Author: vikas123456778009 <vikasdewangan218@gmail.com>
Date:   Tue Apr 9 16:03:55 2024 +0530

    remove new

commit 84cfbaa03070335b51ad94462ccf4eb546f66edf
Merge: c22cf28 5f986da
Author: vikas123456778009 <vikasdewangan218@gmail.com>
Date:   Tue Apr 9 16:01:25 2024 +0530

    new

commit 5f986da0dc8c2ba308d38a6bfabc8c9deced4f94
Author: vikas123456778009 <50516675+vikas123456778009@users.noreply.github.com>
Date:   Tue Apr 9 15:57:50 2024 +0530

    Create d.txt

commit c22cf282b4f9c50dc7d7cf447bf838a4074f70f0
Author: vikas123456778009 <vikasdewangan218@gmail.com>
Date:   Tue Apr 9 15:30:16 2024 +0530

    created file

commit 04fa300598f56e2777aecbbf6be1649691ed7877
Author: vikas123456778009 <50516675+vikas123456778009@users.noreply.github.com>

Gaming@DESKTOP-AUEDLHD MINGW64 ~/Documents/git folder/Practice1 (main)
$ git revert 84cfbaa03070335b51ad94462ccf4eb546f66edf
error: commit 84cfbaa03070335b51ad94462ccf4eb546f66edf is a merge but no -m option was given.
fatal: revert failed

Gaming@DESKTOP-AUEDLHD MINGW64 ~/Documents/git folder/Practice1 (main)
$ git revert -m84cfbaa03070335b51ad94462ccf4eb546f66edf
error: option `mainline' expects a number greater than zero

Gaming@DESKTOP-AUEDLHD MINGW64 ~/Documents/git folder/Practice1 (main)
$ git revert -m 84cfbaa03070335b51ad94462ccf4eb546f66edf
error: option `mainline' expects a number greater than zero

Gaming@DESKTOP-AUEDLHD MINGW64 ~/Documents/git folder/Practice1 (main)
$ git revert 84cfbaa03070335b51ad94462ccf4eb546f66edf
error: commit 84cfbaa03070335b51ad94462ccf4eb546f66edf is a merge but no -m option was given.
fatal: revert failed

Gaming@DESKTOP-AUEDLHD MINGW64 ~/Documents/git folder/Practice1 (main)
$ git revert 0383e43b8d96e8da21f3e108762a609c99b22c30
hint: Waiting for your editor to close the file... Vim: Error reading input, exiting...
Vim: preserving files...
Vim: Finished.

error: There was a problem with the editor 'vi'.
Please supply the message using either -m or -F option.

Gaming@DESKTOP-AUEDLHD MINGW64 ~/Documents/git folder/Practice1 (main)
$ git status
On branch main
Your branch is up to date with 'origin/main'.

Changes to be committed:
  (use "git restore --staged <file>..." to unstage)
        new file:   new.txt


Gaming@DESKTOP-AUEDLHD MINGW64 ~/Documents/git folder/Practice1 (main)
$ git add hello.txt

Gaming@DESKTOP-AUEDLHD MINGW64 ~/Documents/git folder/Practice1 (main)
$ git status
On branch main
Your branch is up to date with 'origin/main'.

Changes to be committed:
  (use "git restore --staged <file>..." to unstage)
        new file:   hello.txt
        new file:   new.txt


Gaming@DESKTOP-AUEDLHD MINGW64 ~/Documents/git folder/Practice1 (main)
$ git reset

Gaming@DESKTOP-AUEDLHD MINGW64 ~/Documents/git folder/Practice1 (main)
$ git status
On branch main
Your branch is up to date with 'origin/main'.

Untracked files:
  (use "git add <file>..." to include in what will be committed)
        hello.txt
        new.txt

nothing added to commit but untracked files present (use "git add" to track)

Gaming@DESKTOP-AUEDLHD MINGW64 ~/Documents/git folder/Practice1 (main)
$ git add hello.txt

Gaming@DESKTOP-AUEDLHD MINGW64 ~/Documents/git folder/Practice1 (main)
$ git reset hello.txt

Gaming@DESKTOP-AUEDLHD MINGW64 ~/Documents/git folder/Practice1 (main)
$ git status
On branch main
Your branch is up to date with 'origin/main'.

Untracked files:
  (use "git add <file>..." to include in what will be committed)
        hello.txt
        new.txt

nothing added to commit but untracked files present (use "git add" to track)

Gaming@DESKTOP-AUEDLHD MINGW64 ~/Documents/git folder/Practice1 (main)
$ 0383e43b8d96e8da21f3e108762a609c99b22c30